
> haifos-website@0.1.0 build
> next build

Γû▓ Next.js 16.2.1 (Turbopack)
- Environments: .env.local

  Creating an optimized production build ...
node.exe : 
At line:1 char:1
+ & "C:\Program 
Files\nodejs/node.exe" 
"C:\Program 
Files\nodejs/node_mo ...
+ ~~~~~~~~~~~~~~~~~~~~~~~~~~~
~~~~~~~~~~~~~~~~~~~~~~~~~~~~~
~~~~~~~~~~~~~
    + CategoryInfo           
   : NotSpecified: (:String  
  ) [], RemoteException
    + FullyQualifiedErrorId  
   : NativeCommandError
 
> Build error occurred
Error: Turbopack build 
failed with 3 errors:
./src/images/AIworkshopwithSA
MAR/20250720_114229.jpg
Processing image failed
unable to decode image data

Caused by:
- Format error decoding 
Jpeg: Error parsing image. 
Illegal start bytes:0
- Error parsing image. 
Illegal start bytes:0

Import trace:
  Client Component SSR:
    ./src/images/AIworkshopwi
thSAMAR/20250720_114229.jpg
    ./src/components/VisualJo
urneyGallery.tsx [Client 
Component SSR]
    ./src/components/VisualJo
urneyGallery.tsx [Server 
Component]
    ./src/app/media/page.tsx 
[Server Component]


./src/images/AIworkshopwithSA
MAR/20250720_114910.jpg
Processing image failed
unable to decode image data

Caused by:
- Format error decoding 
Jpeg: Error parsing image. 
Illegal start bytes:0
- Error parsing image. 
Illegal start bytes:0

Import trace:
  Client Component SSR:
    ./src/images/AIworkshopwi
thSAMAR/20250720_114910.jpg
    ./src/components/VisualJo
urneyGallery.tsx [Client 
Component SSR]
    ./src/components/VisualJo
urneyGallery.tsx [Server 
Component]
    ./src/app/media/page.tsx 
[Server Component]


./src/images/Digital literacy
_Workshop/20250621_163530.jpg
Processing image failed
unable to decode image data

Caused by:
- Format error decoding 
Jpeg: Error parsing image. 
Illegal start bytes:0
- Error parsing image. 
Illegal start bytes:0

Import trace:
  Client Component SSR:
    ./src/images/Digital lite
racy_Workshop/20250621_163530
.jpg
    ./src/components/VisualJo
urneyGallery.tsx [Client 
Component SSR]
    ./src/components/VisualJo
urneyGallery.tsx [Server 
Component]
    ./src/app/media/page.tsx 
[Server Component]


    at <unknown> (- Format 
error decoding Jpeg: Error 
parsing image. Illegal start 
bytes:0)
    at <unknown> (- Error 
parsing image. Illegal start 
bytes:0)
    at <unknown> (- Format 
error decoding Jpeg: Error 
parsing image. Illegal start 
bytes:0)
    at <unknown> (- Error 
parsing image. Illegal start 
bytes:0)
    at <unknown> (- Format 
error decoding Jpeg: Error 
parsing image. Illegal start 
bytes:0)
    at <unknown> (- Error 
parsing image. Illegal start 
bytes:0)
